// Jest Snapshot v1, https://goo.gl/fbAQLP

exports[`generate correct template string 1`] = `
"<template>
  <el-form>
    <el-input type=\\"text\\"></el-input>
    <el-button size=\\"small\\" type=\\"primary\\"></el-button>
  </el-form>
</template>;
"
`;
